[www.portotheme.com/wordpress/porto/business-consulting3/index.html]
[backblue.gif]
[fade.gif]
[index.html]
[www.portotheme.com/wordpress/porto/business-consulting3/wp-content/themes/porto/images/logo/favicon.png]
[www.portotheme.com/wordpress/porto/business-consulting3/wp-content/themes/porto/images/logo/apple-touch-icon.png]
[www.portotheme.com/wordpress/porto/business-consulting3/wp-content/themes/porto/images/logo/apple-touch-icon_120x120.png]
[www.portotheme.com/wordpress/porto/business-consulting3/wp-content/themes/porto/images/logo/apple-touch-icon_76x76.png]
[www.portotheme.com/wordpress/porto/business-consulting3/wp-content/themes/porto/images/logo/apple-touch-icon_152x152.png]
[www.portotheme.com/wordpress/porto/business-consulting3/wp-content/themes/porto/fonts/porto-font/porto.woff2]
[www.portotheme.com/wordpress/porto/business-consulting3/wp-content/themes/porto/fonts/fontawesome_optimized/fa-solid-900.woff2]
[www.portotheme.com/wordpress/porto/business-consulting3/wp-content/themes/porto/fonts/fontawesome_optimized/fa-regular-400.woff2]
[www.portotheme.com/wordpress/porto/business-consulting3/wp-content/themes/porto/fonts/fontawesome_optimized/fa-brands-400.woff2]
[www.portotheme.com/wordpress/porto/business-consulting3/wp-content/themes/porto/fonts/Simple-Line-Icons/Simple-Line-Icons.ttf]
[www.portotheme.com/wordpress/porto/business-consulting3/feed/index.html]
[www.portotheme.com/wordpress/porto/business-consulting3/comments/feed/index.html]
[www.portotheme.com/wordpress/porto/business-consulting3/wp-content/uploads/sites/204/2021/02/text-backgrounda9e4.jpg]
[www.portotheme.com/wordpress/porto/business-consulting3/wp-json/index.html]
[www.portotheme.com/wordpress/porto/business-consulting3/wp-json/wp/v2/pages/9.json]
[www.portotheme.com/wordpress/porto/business-consulting3/xmlrpc0db0.php]
[www.portotheme.com/wordpress/porto/business-consulting3/wp-includes/wlwmanifest.xml]
[www.portotheme.com/wordpress/porto/business-consulting3/wp-json/oembed/1.0/embede20e.json]
[www.portotheme.com/wordpress/porto/business-consulting3/wp-json/oembed/1.0/embed9908]
[www.portotheme.com/wordpress/porto/business-consulting3/wp-content/themes/porto/js/libs/webfont.js]
[www.portotheme.com/wordpress/porto/business-consulting3/wp-content/uploads/sites/204/porto_placeholders/100x20.jpg]
[www.portotheme.com/wordpress/porto/business-consulting3/about-us/index.html]
[www.portotheme.com/wordpress/porto/business-consulting3/services/index.html]
[www.portotheme.com/wordpress/porto/business-consulting3/services/sales-marketing/index.html]
[www.portotheme.com/wordpress/porto/business-consulting3/services/strategic-planning/index.html]
[www.portotheme.com/wordpress/porto/business-consulting3/wp-content/uploads/sites/204/porto_placeholders/100x114.jpg]
[www.portotheme.com/wordpress/porto/business-consulting3/services/operations/index.html]
[www.portotheme.com/wordpress/porto/business-consulting3/services/cost-transformation/index.html]
[www.portotheme.com/wordpress/porto/business-consulting3/services/digital-marketing/index.html]
[www.portotheme.com/wordpress/porto/business-consulting3/services/automation/index.html]
[www.portotheme.com/wordpress/porto/business-consulting3/wp-content/uploads/sites/204/porto_placeholders/100x168.jpg]
[www.portotheme.com/wordpress/porto/business-consulting3/team/index.html]
[www.portotheme.com/wordpress/porto/business-consulting3/cases/index.html]
[www.portotheme.com/wordpress/porto/business-consulting3/blog/index.html]
[www.portotheme.com/wordpress/porto/business-consulting3/contact-us/index.html]
[www.portotheme.com/wordpress/porto/business-consulting3/author/editor/index.html]
[www.portotheme.com/wordpress/porto/business-consulting3/wp-content/uploads/sites/204/porto_placeholders/100x84.jpg]
[www.portotheme.com/wordpress/porto/business-consulting3/wp-content/themes/porto/images/lazy.png]
[www.portotheme.com/wordpress/porto/business-consulting3/wp-content/uploads/sites/204/porto_placeholders/100x59.jpg]
[www.portotheme.com/wordpress/porto/business-consulting3/wp-content/uploads/sites/204/porto_placeholders/100x27.jpg]
[www.portotheme.com/wordpress/porto/business-consulting3/wp-content/uploads/sites/204/porto_placeholders/100x38.jpg]
[www.portotheme.com/wordpress/porto/business-consulting3/wp-content/uploads/sites/204/porto_placeholders/100x31.jpg]
[www.portotheme.com/wordpress/porto/business-consulting3/wp-content/uploads/sites/204/porto_placeholders/100x11.jpg]
[www.portotheme.com/wordpress/porto/business-consulting3/wp-content/uploads/sites/204/porto_placeholders/100x26.jpg]
[www.portotheme.com/wordpress/porto/business-consulting3/wp-content/uploads/sites/204/porto_placeholders/100x52.jpg]
[www.portotheme.com/wordpress/porto/business-consulting3/wp-content/uploads/sites/204/porto_placeholders/100x56.jpg]
[www.portotheme.com/wordpress/porto/business-consulting3/wp-content/uploads/sites/204/porto_placeholders/100x94.jpg]
[www.portotheme.com/wordpress/porto/business-consulting3/category/videos/animals/index.html]
[www.portotheme.com/wordpress/porto/business-consulting3/category/finance/index.html]
[www.portotheme.com/wordpress/porto/business-consulting3/category/sports/index.html]
[www.portotheme.com/wordpress/porto/business-consulting3/2021/02/15/lorem-ipsum-dolor-sit-a-met-consectetur-3/index.html]
[www.portotheme.com/wordpress/porto/business-consulting3/wp-includes/js/dist/vendor/wp-polyfill.min.js]
[www.portotheme.com/wordpress/porto/business-consulting3/category/videos/index.html]
[www.portotheme.com/wordpress/porto/business-consulting3/2021/02/15/lorem-ipsum-dolor-sit-a-met-consectetur-2/index.html]
[www.portotheme.com/wordpress/porto/business-consulting3/2021/02/15/lorem-ipsum-dolor-sit-a-met-consectetur/index.html]
[www.portotheme.com/wordpress/porto/business-consulting3/wp-includes/js/dist/vendor/wp-polyfill-fetch.min.js]
[www.portotheme.com/wordpress/porto/business-consulting3/wp-includes/js/dist/vendor/wp-polyfill-node-contains.min.js]
[www.portotheme.com/wordpress/porto/business-consulting3/wp-includes/js/dist/vendor/wp-polyfill-dom-rect.min.js]
[www.portotheme.com/wordpress/porto/business-consulting3/wp-includes/js/dist/vendor/wp-polyfill-url.min.js]
[www.portotheme.com/wordpress/porto/business-consulting3/wp-includes/js/dist/vendor/wp-polyfill-formdata.min.js]
[www.portotheme.com/wordpress/porto/business-consulting3/wp-includes/js/dist/vendor/wp-polyfill-element-closest.min.js]
[www.portotheme.com/wordpress/porto/business-consulting3/wp-includes/js/dist/vendor/wp-polyfill-object-fit.min.js]
[www.portotheme.com/wordpress/porto/business-consulting3/wp-content/plugins/contact-form-7/includes/js/index.js]
[www.portotheme.com/wordpress/porto/business-consulting3/wp-includes/js/jquery/jquery.min.js]
[www.portotheme.com/wordpress/porto/business-consulting3/wp-content/themes/porto/inc/lib/live-search/live-search.min.js]
[www.portotheme.com/wordpress/porto/business-consulting3/wp-content/plugins/js_composer/assets/js/dist/js_composer_front.min.js]
[www.portotheme.com/wordpress/porto/business-consulting3/wp-content/themes/porto/js/bootstrap.optimized.min.js]
[www.portotheme.com/wordpress/porto/business-consulting3/wp-content/themes/porto/js/libs/jquery.cookie.min.js]
[www.portotheme.com/wordpress/porto/business-consulting3/wp-content/themes/porto/js/libs/owl.carousel.min.js]
[www.portotheme.com/wordpress/porto/business-consulting3/wp-includes/js/imagesloaded.min.js]
[www.portotheme.com/wordpress/porto/business-consulting3/wp-content/themes/porto/js/libs/jquery.magnific-popup.min.js]
[www.portotheme.com/wordpress/porto/business-consulting3/wp-content/themes/porto/js/theme.min.js]
[www.portotheme.com/wordpress/porto/business-consulting3/wp-content/themes/porto/js/theme-async.min.js]
[www.portotheme.com/wordpress/porto/business-consulting3/wp-includes/js/wp-embed.min.js]
[www.portotheme.com/wordpress/porto/business-consulting3/wp-content/themes/porto/js/libs/lazyload.min.js]
[www.portotheme.com/wordpress/porto/business-consulting3/wp-content/plugins/js_composer/assets/lib/bower/skrollr/dist/skrollr.min.js]
[www.portotheme.com/wordpress/porto/business-consulting3/wp-content/plugins/js_composer/assets/lib/vc_waypoints/vc-waypoints.min.js]
[www.portotheme.com/wordpress/porto/business-consulting3/wp-content/plugins/porto-functionality/shortcodes/assets/js/map-loader.min.js]
[www.portotheme.com/wordpress/porto/business-consulting3/index.html]
[www.portotheme.com/wordpress/porto/business-consulting3/xmlrpc.php]
[www.portotheme.com/wordpress/porto/business-consulting3/wp-includes/css/dist/block-library/style.min.css]
[www.portotheme.com/wordpress/porto/business-consulting3/wp-includes/css/dist/block-library/theme.min.css]
[www.portotheme.com/wordpress/porto/business-consulting3/wp-content/plugins/contact-form-7/includes/css/styles.css]
[www.portotheme.com/wordpress/porto/business-consulting3/wp-content/uploads/sites/204/porto_styles/theme_css_vars.css]
[www.portotheme.com/wordpress/porto/business-consulting3/wp-content/themes/porto/less/js_composer/fonts/vc_icons_v2/fonts/vcpb-plugin-iconsb82a.eot]
[www.portotheme.com/wordpress/porto/business-consulting3/wp-content/themes/porto/less/js_composer/fonts/vc_icons_v2/fonts/vcpb-plugin-iconsb82a.ttf]
[www.portotheme.com/wordpress/porto/business-consulting3/wp-content/themes/porto/less/js_composer/fonts/vc_icons_v2/fonts/vcpb-plugin-iconsb82a.woff]
[www.portotheme.com/wordpress/porto/business-consulting3/wp-content/uploads/sites/204/porto_styles/js_composer.css]
[www.portotheme.com/wordpress/porto/business-consulting3/wp-content/uploads/sites/204/porto_styles/bootstrap.css]
[www.portotheme.com/wordpress/porto/business-consulting3/wp-content/themes/porto/fonts/fontawesome_optimized/fa-brands-400.eot]
[www.portotheme.com/wordpress/porto/business-consulting3/wp-content/themes/porto/fonts/fontawesome_optimized/fa-brands-400d41d.eot]
[www.portotheme.com/wordpress/porto/business-consulting3/wp-content/themes/porto/fonts/fontawesome_optimized/fa-brands-400.woff]
[www.portotheme.com/wordpress/porto/business-consulting3/wp-content/themes/porto/fonts/fontawesome_optimized/fa-brands-400.ttf]
[www.portotheme.com/wordpress/porto/business-consulting3/wp-content/themes/porto/fonts/fontawesome_optimized/fa-regular-400.eot]
[www.portotheme.com/wordpress/porto/business-consulting3/wp-content/themes/porto/fonts/fontawesome_optimized/fa-regular-400d41d.eot]
[www.portotheme.com/wordpress/porto/business-consulting3/wp-content/themes/porto/fonts/fontawesome_optimized/fa-regular-400.woff]
[www.portotheme.com/wordpress/porto/business-consulting3/wp-content/themes/porto/fonts/fontawesome_optimized/fa-regular-400.ttf]
[www.portotheme.com/wordpress/porto/business-consulting3/wp-content/themes/porto/fonts/fontawesome_optimized/fa-solid-900.eot]
[www.portotheme.com/wordpress/porto/business-consulting3/wp-content/themes/porto/fonts/fontawesome_optimized/fa-solid-900d41d.eot]
[www.portotheme.com/wordpress/porto/business-consulting3/wp-content/themes/porto/fonts/fontawesome_optimized/fa-solid-900.woff]
[www.portotheme.com/wordpress/porto/business-consulting3/wp-content/themes/porto/fonts/fontawesome_optimized/fa-solid-900.ttf]
[www.portotheme.com/wordpress/porto/business-consulting3/wp-content/themes/porto/images/owl.video.play.png]
[www.portotheme.com/wordpress/porto/business-consulting3/wp-content/themes/porto/css/images/fancybox_sprite.png]
[www.portotheme.com/wordpress/porto/business-consulting3/wp-content/themes/porto/css/images/fancybox_loading.gif]
[www.portotheme.com/wordpress/porto/business-consulting3/wp-content/themes/porto/css/images/blank.gif]
[www.portotheme.com/wordpress/porto/business-consulting3/wp-content/themes/porto/css/images/fancybox_sprite@2x.png]
[www.portotheme.com/wordpress/porto/business-consulting3/wp-content/themes/porto/css/images/fancybox_loading@2x.gif]
[www.portotheme.com/wordpress/porto/business-consulting3/wp-content/themes/porto/fonts/Simple-Line-Icons/Simple-Line-Icons.eot]
[www.portotheme.com/wordpress/porto/business-consulting3/wp-content/themes/porto/fonts/Simple-Line-Icons/Simple-Line-Iconsd41d.eot]
[www.portotheme.com/wordpress/porto/business-consulting3/wp-content/themes/porto/fonts/Simple-Line-Icons/Simple-Line-Icons.woff]
[www.portotheme.com/wordpress/porto/business-consulting3/wp-content/themes/porto/fonts/porto-font/porto.eot]
[www.portotheme.com/wordpress/porto/business-consulting3/wp-content/themes/porto/fonts/porto-font/portod41d.eot]
[www.portotheme.com/wordpress/porto/business-consulting3/wp-content/themes/porto/fonts/porto-font/porto.woff]
[www.portotheme.com/wordpress/porto/business-consulting3/wp-content/themes/porto/fonts/porto-font/porto.ttf]
[www.portotheme.com/wordpress/porto/business-consulting3/wp-content/themes/porto/css/plugins_optimized.css]
[www.portotheme.com/wordpress/porto/business-consulting3/wp-content/themes/porto/images/flags.png]
[www.portotheme.com/wordpress/porto/business-consulting3/wp-content/themes/porto/images/patterns/worn_dots.png]
[www.portotheme.com/wordpress/porto/business-consulting3/wp-content/themes/porto/images/patterns/az_subtle.png]
[www.portotheme.com/wordpress/porto/business-consulting3/wp-content/themes/porto/images/ajax-loader@2x.gif]
[www.portotheme.com/wordpress/porto/business-consulting3/wp-content/themes/porto/images/video-overlay.png]
[www.portotheme.com/wordpress/porto/business-consulting3/wp-content/themes/porto/images/pencil-blue-line.png]
[www.portotheme.com/wordpress/porto/business-consulting3/wp-content/themes/porto/css/theme.css]
[www.portotheme.com/wordpress/porto/business-consulting3/wp-content/uploads/sites/204/porto_styles/shortcodes.css]
[www.portotheme.com/wordpress/porto/business-consulting3/wp-content/themes/porto/css/theme_wpb.css]
[www.portotheme.com/wordpress/porto/business-consulting3/wp-content/themes/porto/images/arrows.png]
[www.portotheme.com/wordpress/porto/business-consulting3/wp-content/uploads/sites/204/porto_styles/dynamic_style.css]
[www.portotheme.com/wordpress/porto/business-consulting3/wp-content/plugins/porto-functionality/builders/assets/type-builder.css]
[www.portotheme.com/wordpress/porto/business-consulting3/wp-content/themes/porto/style.css]
[www.portotheme.com/wordpress/porto/business-consulting3/wp-json/wp/v2/pages/11.json]
[www.portotheme.com/wordpress/porto/business-consulting3/wp-json/oembed/1.0/embed2dbd.json]
[www.portotheme.com/wordpress/porto/business-consulting3/wp-json/oembed/1.0/embed2f99]
[www.portotheme.com/wordpress/porto/business-consulting3/wp-content/uploads/sites/204/porto_placeholders/100x81.jpg]
[www.portotheme.com/wordpress/porto/business-consulting3/about-us/index.html]
[www.portotheme.com/wordpress/porto/business-consulting3/wp-json/wp/v2/pages/19.json]
[www.portotheme.com/wordpress/porto/business-consulting3/wp-json/oembed/1.0/embedba61.json]
[www.portotheme.com/wordpress/porto/business-consulting3/wp-json/oembed/1.0/embed50af]
[www.portotheme.com/wordpress/porto/business-consulting3/services/index.html]
[www.portotheme.com/wordpress/porto/business-consulting3/wp-json/wp/v2/pages/21.json]
[www.portotheme.com/wordpress/porto/business-consulting3/wp-json/oembed/1.0/embed6a0e.json]
[www.portotheme.com/wordpress/porto/business-consulting3/wp-json/oembed/1.0/embedb6e3]
[www.portotheme.com/wordpress/porto/business-consulting3/services/sales-marketing/index.html]
[www.portotheme.com/wordpress/porto/business-consulting3/wp-json/wp/v2/pages/23.json]
[www.portotheme.com/wordpress/porto/business-consulting3/wp-json/oembed/1.0/embed8160.json]
[www.portotheme.com/wordpress/porto/business-consulting3/wp-json/oembed/1.0/embed4442]
[www.portotheme.com/wordpress/porto/business-consulting3/services/strategic-planning/index.html]
[www.portotheme.com/wordpress/porto/business-consulting3/wp-json/wp/v2/pages/25.json]
[www.portotheme.com/wordpress/porto/business-consulting3/wp-json/oembed/1.0/embed4dc6.json]
[www.portotheme.com/wordpress/porto/business-consulting3/wp-json/oembed/1.0/embed545f]
[www.portotheme.com/wordpress/porto/business-consulting3/services/operations/index.html]
[www.portotheme.com/wordpress/porto/business-consulting3/wp-json/wp/v2/pages/27.json]
[www.portotheme.com/wordpress/porto/business-consulting3/wp-json/oembed/1.0/embed7b57.json]
[www.portotheme.com/wordpress/porto/business-consulting3/wp-json/oembed/1.0/embed0700]
[www.portotheme.com/wordpress/porto/business-consulting3/services/cost-transformation/index.html]
[www.portotheme.com/wordpress/porto/business-consulting3/wp-json/wp/v2/pages/29.json]
[www.portotheme.com/wordpress/porto/business-consulting3/wp-json/oembed/1.0/embeda9a0.json]
[www.portotheme.com/wordpress/porto/business-consulting3/wp-json/oembed/1.0/embed4943]
[www.portotheme.com/wordpress/porto/business-consulting3/services/digital-marketing/index.html]
[www.portotheme.com/wordpress/porto/business-consulting3/wp-json/wp/v2/pages/31.json]
[www.portotheme.com/wordpress/porto/business-consulting3/wp-json/oembed/1.0/embed4619.json]
[www.portotheme.com/wordpress/porto/business-consulting3/wp-json/oembed/1.0/embede4cb]
[www.portotheme.com/wordpress/porto/business-consulting3/services/automation/index.html]
[www.portotheme.com/wordpress/porto/business-consulting3/cases/feed/index.html]
[www.portotheme.com/wordpress/porto/business-consulting3/wp-content/themes/porto/js/libs/jquery.infinite-scroll.min.js]
[www.portotheme.com/wordpress/porto/business-consulting3/wp-content/themes/porto/inc/lib/infinite-scroll/infinite-scroll.min.js]
[www.portotheme.com/wordpress/porto/business-consulting3/wp-content/plugins/js_composer/assets/lib/bower/isotope/dist/isotope.pkgd.min.js]
[www.portotheme.com/wordpress/porto/business-consulting3/cases/index.html]
[www.portotheme.com/wordpress/porto/business-consulting3/wp-json/wp/v2/pages/15.json]
[www.portotheme.com/wordpress/porto/business-consulting3/wp-json/oembed/1.0/embed985e.json]
[www.portotheme.com/wordpress/porto/business-consulting3/wp-json/oembed/1.0/embedde14]
[www.portotheme.com/wordpress/porto/business-consulting3/team/index.html]
[www.portotheme.com/wordpress/porto/business-consulting3/wp-content/uploads/sites/204/2021/02/blog-1.jpg]
[www.portotheme.com/wordpress/porto/business-consulting3/wp-content/uploads/sites/204/2021/02/blog-2.jpg]
[www.portotheme.com/wordpress/porto/business-consulting3/blog/index.html]
[www.portotheme.com/wordpress/porto/business-consulting3/blog/page/2/index.html]
[www.portotheme.com/wordpress/porto/business-consulting3/wp-json/wp/v2/pages/149.json]
[www.portotheme.com/wordpress/porto/business-consulting3/wp-json/oembed/1.0/embedb50a.json]
[www.portotheme.com/wordpress/porto/business-consulting3/wp-json/oembed/1.0/embed63cb]
[www.portotheme.com/wordpress/porto/business-consulting3/contact-us/index.html]
[www.portotheme.com/wordpress/porto/business-consulting3/author/editor/feed/index.html]
[www.portotheme.com/wordpress/porto/business-consulting3/wp-json/wp/v2/users/445.json]
[www.portotheme.com/wordpress/porto/business-consulting3/author/editor/index.html]
[www.portotheme.com/wordpress/porto/business-consulting3/wp-content/uploads/sites/204/porto_placeholders/100x75.jpg]
[www.portotheme.com/wordpress/porto/business-consulting3/2021/02/15/lorem-ipsum-dolor-sit-a-met-consectetur-3/feed/index.html]
[www.portotheme.com/wordpress/porto/business-consulting3/author/editor/page/2/index.html]
[www.portotheme.com/wordpress/porto/business-consulting3/wp-json/wp/v2/posts/348.json]
[www.portotheme.com/wordpress/porto/business-consulting3/wp-json/oembed/1.0/embed50cd.json]
[www.portotheme.com/wordpress/porto/business-consulting3/wp-json/oembed/1.0/embed88a3]
[www.portotheme.com/wordpress/porto/business-consulting3/wp-includes/js/comment-reply.min.js]
[www.portotheme.com/wordpress/porto/business-consulting3/2021/02/15/lorem-ipsum-dolor-sit-a-met-consectetur-3/index.html]
[www.portotheme.com/wordpress/porto/business-consulting3/2021/02/15/lorem-ipsum-dolor-sit-a-met-consectetur-3/index0e22.html]
[www.portotheme.com/wordpress/porto/business-consulting3/2021/02/15/lorem-ipsum-dolor-sit-a-met-consectetur-3/index3094.html]
[www.portotheme.com/wordpress/porto/business-consulting3/category/videos/animals/feed/index.html]
[www.portotheme.com/wordpress/porto/business-consulting3/wp-json/wp/v2/categories/10.json]
[www.portotheme.com/wordpress/porto/business-consulting3/category/videos/animals/index.html]
[www.portotheme.com/wordpress/porto/business-consulting3/category/finance/feed/index.html]
[www.portotheme.com/wordpress/porto/business-consulting3/wp-json/wp/v2/categories/5.json]
[www.portotheme.com/wordpress/porto/business-consulting3/category/finance/index.html]
[www.portotheme.com/wordpress/porto/business-consulting3/wp-json/wp/v2/categories/11.json]
[www.portotheme.com/wordpress/porto/business-consulting3/category/sports/index.html]
[www.portotheme.com/wordpress/porto/business-consulting3/category/sports/feed/index.html]
[www.portotheme.com/wordpress/porto/business-consulting3/category/finance/page/2/index.html]
[www.portotheme.com/wordpress/porto/business-consulting3/wp-json/wp/v2/categories/8.json]
[www.portotheme.com/wordpress/porto/business-consulting3/category/videos/index.html]
[www.portotheme.com/wordpress/porto/business-consulting3/category/videos/feed/index.html]
[www.portotheme.com/wordpress/porto/business-consulting3/2021/02/15/lorem-ipsum-dolor-sit-a-met-consectetur-2/feed/index.html]
[www.portotheme.com/wordpress/porto/business-consulting3/wp-json/wp/v2/posts/345.json]
[www.portotheme.com/wordpress/porto/business-consulting3/wp-json/oembed/1.0/embed1d11.json]
[www.portotheme.com/wordpress/porto/business-consulting3/wp-json/oembed/1.0/embed0a41]
[www.portotheme.com/wordpress/porto/business-consulting3/2021/02/15/lorem-ipsum-dolor-sit-a-met-consectetur-2/index.html]
[www.portotheme.com/wordpress/porto/business-consulting3/2021/02/15/lorem-ipsum-dolor-sit-a-met-consectetur/feed/index.html]
[www.portotheme.com/wordpress/porto/business-consulting3/wp-json/wp/v2/posts/341.json]
[www.portotheme.com/wordpress/porto/business-consulting3/wp-json/oembed/1.0/embedb790.json]
[www.portotheme.com/wordpress/porto/business-consulting3/wp-json/oembed/1.0/embedb4e6]
[www.portotheme.com/wordpress/porto/business-consulting3/wp-content/uploads/sites/204/2021/02/blog-3.jpg]
[www.portotheme.com/wordpress/porto/business-consulting3/2021/02/15/lorem-ipsum-dolor-sit-a-met-consectetur/index.html]
[www.portotheme.com/wordpress/porto/business-consulting3/wp-content/themes/porto/less/js_composer/fonts/vc_icons_v2/fonts/vcpb-plugin-iconsb82a.svg]
[www.portotheme.com/wordpress/porto/business-consulting3/wp-content/themes/porto/fonts/fontawesome_optimized/fa-brands-400.svg]
[www.portotheme.com/wordpress/porto/business-consulting3/wp-content/themes/porto/fonts/fontawesome_optimized/fa-regular-400.svg]
[www.portotheme.com/wordpress/porto/business-consulting3/wp-content/themes/porto/fonts/fontawesome_optimized/fa-solid-900.svg]
[www.portotheme.com/wordpress/porto/business-consulting3/wp-content/themes/porto/fonts/Simple-Line-Icons/Simple-Line-Icons.svg]
[www.portotheme.com/wordpress/porto/business-consulting3/wp-content/themes/porto/fonts/porto-font/porto.svg]
[www.portotheme.com/wordpress/porto/business-consulting3/wp-content/themes/porto/images/select-bg.svg]
[www.portotheme.com/wordpress/porto/business-consulting3/wp-content/themes/porto/images/curved-border.svg]
[www.portotheme.com/wordpress/porto/business-consulting3/wp-content/themes/porto/images/custom-checkbox.svg]
[www.portotheme.com/wordpress/porto/business-consulting3/index5757.html]
[www.portotheme.com/wordpress/porto/business-consulting3/index5831.html]
[www.portotheme.com/wordpress/porto/business-consulting3/index3965.html]
[www.portotheme.com/wordpress/porto/business-consulting3/index40a0.html]
[www.portotheme.com/wordpress/porto/business-consulting3/index970c.html]
[www.portotheme.com/wordpress/porto/business-consulting3/index1c4a.html]
[www.portotheme.com/wordpress/porto/business-consulting3/index9cd7.html]
[www.portotheme.com/wordpress/porto/business-consulting3/indexc7e3.html]
[www.portotheme.com/wordpress/porto/business-consulting3/wp-content/themes/porto/css/theme/blog/type/modern.css]
[www.portotheme.com/wordpress/porto/business-consulting3/indexa1ca.html]
[www.portotheme.com/wordpress/porto/business-consulting3/blog/page/2/index.html]
[www.portotheme.com/wordpress/porto/business-consulting3/index8bc8.html]
[www.portotheme.com/wordpress/porto/business-consulting3/author/editor/page/2/index.html]
[www.portotheme.com/wordpress/porto/business-consulting3/wp-content/themes/porto/css/theme/blog/single-post/modern.css]
[www.portotheme.com/wordpress/porto/business-consulting3/index2206.html]
[www.portotheme.com/wordpress/porto/business-consulting3/2021/02/15/lorem-ipsum-dolor-sit-a-met-consectetur-3/index0e22.html]
[www.portotheme.com/wordpress/porto/business-consulting3/2021/02/15/lorem-ipsum-dolor-sit-a-met-consectetur-3/index3094.html]
[www.portotheme.com/wordpress/porto/business-consulting3/category/finance/page/2/index.html]
[www.portotheme.com/wordpress/porto/business-consulting3/index50ca.html]
[www.portotheme.com/wordpress/porto/business-consulting3/index47c4.html]
[www.portotheme.com/wordpress/porto/business-consulting3/2021/02/15/lorem-ipsum-dolor-sit-a-met-consectetur/index21b4.html]
[www.portotheme.com/wordpress/porto/business-consulting3/2021/02/15/lorem-ipsum-dolor-sit-a-met-consectetur/index21b4.html]
[www.portotheme.com/wordpress/porto/business-consulting3/wp-content/uploads/sites/204/vc/alert.html]
[www.portotheme.com/wordpress/porto/business-consulting3/wp-content/uploads/sites/204/vc/info.html]
[www.portotheme.com/wordpress/porto/business-consulting3/wp-content/uploads/sites/204/vc/tick.html]
[www.portotheme.com/wordpress/porto/business-consulting3/wp-content/uploads/sites/204/vc/exclamation.html]
[www.portotheme.com/wordpress/porto/business-consulting3/wp-content/uploads/sites/204/images/icons/address-book.html]
[www.portotheme.com/wordpress/porto/business-consulting3/wp-content/uploads/sites/204/images/icons/alarm-clock.html]
[www.portotheme.com/wordpress/porto/business-consulting3/wp-content/uploads/sites/204/images/icons/anchor.html]
[www.portotheme.com/wordpress/porto/business-consulting3/wp-content/uploads/sites/204/images/icons/application-image.html]
[www.portotheme.com/wordpress/porto/business-consulting3/wp-content/uploads/sites/204/images/icons/arrow.html]
[www.portotheme.com/wordpress/porto/business-consulting3/wp-content/uploads/sites/204/images/icons/asterisk.html]
[www.portotheme.com/wordpress/porto/business-consulting3/wp-content/uploads/sites/204/images/icons/auction-hammer.html]
[www.portotheme.com/wordpress/porto/business-consulting3/wp-content/uploads/sites/204/images/icons/balloon.html]
[www.portotheme.com/wordpress/porto/business-consulting3/wp-content/uploads/sites/204/images/icons/balloon-buzz.html]
[www.portotheme.com/wordpress/porto/business-consulting3/wp-content/uploads/sites/204/images/icons/balloon-facebook.html]
[www.portotheme.com/wordpress/porto/business-consulting3/wp-content/uploads/sites/204/images/icons/balloon-twitter.html]
[www.portotheme.com/wordpress/porto/business-consulting3/wp-content/uploads/sites/204/images/icons/battery-full.html]
[www.portotheme.com/wordpress/porto/business-consulting3/wp-content/uploads/sites/204/images/icons/binocular.html]
[www.portotheme.com/wordpress/porto/business-consulting3/wp-content/uploads/sites/204/images/icons/blue-document-excel.html]
[www.portotheme.com/wordpress/porto/business-consulting3/wp-content/uploads/sites/204/images/icons/blue-document-image.html]
[www.portotheme.com/wordpress/porto/business-consulting3/wp-content/uploads/sites/204/images/icons/blue-document-music.html]
[www.portotheme.com/wordpress/porto/business-consulting3/wp-content/uploads/sites/204/images/icons/blue-document-office.html]
[www.portotheme.com/wordpress/porto/business-consulting3/wp-content/uploads/sites/204/images/icons/blue-document-pdf.html]
[www.portotheme.com/wordpress/porto/business-consulting3/wp-content/uploads/sites/204/images/icons/blue-document-powerpoint.html]
[www.portotheme.com/wordpress/porto/business-consulting3/wp-content/uploads/sites/204/images/icons/blue-document-word.html]
[www.portotheme.com/wordpress/porto/business-consulting3/wp-content/uploads/sites/204/images/icons/bookmark.html]
[www.portotheme.com/wordpress/porto/business-consulting3/wp-content/uploads/sites/204/images/icons/camcorder.html]
[www.portotheme.com/wordpress/porto/business-consulting3/wp-content/uploads/sites/204/images/icons/camera.html]
[www.portotheme.com/wordpress/porto/business-consulting3/wp-content/uploads/sites/204/images/icons/chart.html]
[www.portotheme.com/wordpress/porto/business-consulting3/wp-content/uploads/sites/204/images/icons/chart-pie.html]
[www.portotheme.com/wordpress/porto/business-consulting3/wp-content/uploads/sites/204/images/icons/clock.html]
[www.portotheme.com/wordpress/porto/business-consulting3/wp-content/uploads/sites/204/images/icons/control.html]
[www.portotheme.com/wordpress/porto/business-consulting3/wp-content/uploads/sites/204/images/icons/fire.html]
[www.portotheme.com/wordpress/porto/business-consulting3/wp-content/uploads/sites/204/images/icons/heart.html]
[www.portotheme.com/wordpress/porto/business-consulting3/wp-content/uploads/sites/204/images/icons/mail.html]
[www.portotheme.com/wordpress/porto/business-consulting3/wp-content/uploads/sites/204/images/icons/plus-shield.html]
[www.portotheme.com/wordpress/porto/business-consulting3/wp-content/uploads/sites/204/images/icons/video.html]
[www.portotheme.com/wordpress/porto/business-consulting3/wp-content/uploads/sites/204/fonts/vc_grid/vc_grid_v157a1.html]
[www.portotheme.com/wordpress/porto/business-consulting3/wp-content/uploads/sites/204/fonts/vc_grid/vc_grid_v1d41d.html]
[www.portotheme.com/wordpress/porto/business-consulting3/wp-content/uploads/sites/204/fonts/vc_grid/vc_grid_v157a1-2.html]
[www.portotheme.com/wordpress/porto/business-consulting3/wp-content/uploads/sites/204/fonts/vc_grid/vc_grid_v157a1-3.html]
[www.portotheme.com/wordpress/porto/business-consulting3/wp-content/uploads/sites/204/fonts/vc_grid/vc_grid_v157a1-4.html]
[www.portotheme.com/wordpress/porto/business-consulting3/wp-content/uploads/sites/204/images/spinner.html]
[www.portotheme.com/wordpress/porto/business-consulting3/wp-content/uploads/sites/204/vc/remove.html]
